// Jest Snapshot v1, https://goo.gl/fbAQLP

exports[`Table matches snapshot 1`] = `
.emotion-34 {
  margin-bottom: 15px;
}

@media only screen and (min-width:641px) {
  .emotion-34 {
    margin-bottom: 15px;
  }
}

.emotion-10 {
  border-bottom: 1px solid #bfc1c3;
  display: table-cell;
  font-size: 14px;
  padding: 15px 4px;
  vertical-align: top;
}

.emotion-10:first-child {
  padding: 15px 4px 15px 0;
}

.emotion-10:last-child {
  padding: 15px 0 15px 4px;
}

.emotion-0 {
  border-bottom: 1px solid #bfc1c3;
  display: table-cell;
  font-size: 14px;
  padding: 15px 4px;
  vertical-align: top;
  font-weight: bold;
  text-align: left;
}

.emotion-0:first-child {
  padding: 15px 4px 15px 0;
}

.emotion-0:last-child {
  padding: 15px 0 15px 4px;
}

.emotion-32 {
  display: table;
  font-family: "nta",Arial,sans-serif;
  width: 100%;
  table-layout: auto;
  margin-bottom: 15px;
}

@media only screen and (min-width:641px) {
  .emotion-32 {
    margin-bottom: 15px;
  }
}

<Styled(Table)
  flexibleColumns={true}
  name="name"
  nameByRow={true}
  names={
    Array [
      "heading",
      "one",
      Array [
        "i",
        "am",
        "named",
        "individually",
      ],
      "three",
    ]
  }
  rowIncludesHeading={true}
  rows={
    Array [
      Array [
        "Content 1-1",
        "Content 1-2",
        "Content 1-3",
        "Content 1-4",
      ],
      Array [
        "Content 2-1",
        "Content 2-2",
        "Content 2-3",
        "Content 2-4",
      ],
      Array [
        "Content 3-1",
        "Content 3-2",
        "Content 3-3",
        "Content 3-4",
      ],
    ]
  }
  titles={
    Array [
      "Heading 1",
      "Heading 2",
      "Heading 3",
      "Heading 4",
    ]
  }
>
  <Table
    className="emotion-34"
    flexibleColumns={true}
    name="name"
    nameByRow={true}
    names={
      Array [
        "heading",
        "one",
        Array [
          "i",
          "am",
          "named",
          "individually",
        ],
        "three",
      ]
    }
    rowIncludesHeading={true}
    rows={
      Array [
        Array [
          "Content 1-1",
          "Content 1-2",
          "Content 1-3",
          "Content 1-4",
        ],
        Array [
          "Content 2-1",
          "Content 2-2",
          "Content 2-3",
          "Content 2-4",
        ],
        Array [
          "Content 3-1",
          "Content 3-2",
          "Content 3-3",
          "Content 3-4",
        ],
      ]
    }
    titles={
      Array [
        "Heading 1",
        "Heading 2",
        "Heading 3",
        "Heading 4",
      ]
    }
  >
    <TableContainer
      className="emotion-34"
      flexibleColumns={true}
    >
      <table
        className="emotion-32 emotion-33"
      >
        <thead>
          <tr>
            <TableHeading
              key="0"
              name="heading"
            >
              <th
                className="emotion-0 emotion-1"
                name="heading"
              >
                Heading 1
              </th>
            </TableHeading>
            <TableHeading
              key="1"
              name="heading"
            >
              <th
                className="emotion-0 emotion-1"
                name="heading"
              >
                Heading 2
              </th>
            </TableHeading>
            <TableHeading
              key="2"
              name="heading"
            >
              <th
                className="emotion-0 emotion-1"
                name="heading"
              >
                Heading 3
              </th>
            </TableHeading>
            <TableHeading
              key="3"
              name="heading"
            >
              <th
                className="emotion-0 emotion-1"
                name="heading"
              >
                Heading 4
              </th>
            </TableHeading>
          </tr>
        </thead>
        <tbody>
          <tr
            key="0"
          >
            <TableHeading
              columnCount={4}
              key="0"
              name="one"
              rowHeading={true}
            >
              <th
                className="emotion-0 emotion-1"
                name="one"
              >
                Content 1-1
              </th>
            </TableHeading>
            <TableData
              key="1"
              name="one"
            >
              <td
                className="emotion-10 emotion-11"
                name="one"
              >
                Content 1-2
              </td>
            </TableData>
            <TableData
              key="2"
              name="one"
            >
              <td
                className="emotion-10 emotion-11"
                name="one"
              >
                Content 1-3
              </td>
            </TableData>
            <TableData
              key="3"
              name="one"
            >
              <td
                className="emotion-10 emotion-11"
                name="one"
              >
                Content 1-4
              </td>
            </TableData>
          </tr>
          <tr
            key="1"
          >
            <TableHeading
              columnCount={4}
              key="0"
              name="i"
              rowHeading={true}
            >
              <th
                className="emotion-0 emotion-1"
                name="i"
              >
                Content 2-1
              </th>
            </TableHeading>
            <TableData
              key="1"
              name="am"
            >
              <td
                className="emotion-10 emotion-11"
                name="am"
              >
                Content 2-2
              </td>
            </TableData>
            <TableData
              key="2"
              name="named"
            >
              <td
                className="emotion-10 emotion-11"
                name="named"
              >
                Content 2-3
              </td>
            </TableData>
            <TableData
              key="3"
              name="individually"
            >
              <td
                className="emotion-10 emotion-11"
                name="individually"
              >
                Content 2-4
              </td>
            </TableData>
          </tr>
          <tr
            key="2"
          >
            <TableHeading
              columnCount={4}
              key="0"
              name="three"
              rowHeading={true}
            >
              <th
                className="emotion-0 emotion-1"
                name="three"
              >
                Content 3-1
              </th>
            </TableHeading>
            <TableData
              key="1"
              name="three"
            >
              <td
                className="emotion-10 emotion-11"
                name="three"
              >
                Content 3-2
              </td>
            </TableData>
            <TableData
              key="2"
              name="three"
            >
              <td
                className="emotion-10 emotion-11"
                name="three"
              >
                Content 3-3
              </td>
            </TableData>
            <TableData
              key="3"
              name="three"
            >
              <td
                className="emotion-10 emotion-11"
                name="three"
              >
                Content 3-4
              </td>
            </TableData>
          </tr>
        </tbody>
      </table>
    </TableContainer>
  </Table>
</Styled(Table)>
`;
