// Jest Snapshot v1, https://goo.gl/fbAQLP

exports[`RemoveButton matches snapshot 1`] = `
.emotion-0 {
  background-color: #0C60A2;
  border: 0;
  color: #fff;
  font-family: "nta",Arial,sans-serif;
  font-size: 11px;
  font-weight: 400;
  height: 20px;
  line-height: normal;
  margin: 0 12px;
  padding: 0;
  width: 20px;
}

.emotion-0:first-child {
  margin: 0;
}

<RemoveButton>
  <RemoveButtonInner>
    <button
      className="emotion-0 emotion-1"
    >
      X
    </button>
  </RemoveButtonInner>
</RemoveButton>
`;
